// Jest Snapshot v1, https://goo.gl/fbAQLP

exports[`Pruebas en Counter App Esto debe hacer un match con el snapshot 1`] = `
<div>
  <h1>
    CounterApp
  </h1>
  <h2>
     
    100
     
  </h2>
  <button>
    decremento
  </button>
  <button>
    resetear
  </button>
  <button>
    incremento
  </button>
</div>
`;
